// Jest Snapshot v1, https://goo.gl/fbAQLP

exports[`client test suite frontpage is served 1`] = `"<div><h3>this is the Login page :D</h3></div>"`;
