// Jest Snapshot v1, https://goo.gl/fbAQLP

exports[`frontpage test suite frontpage is served 1`] = `"<div>Loading...</div>"`;
